module main

const (
	source_root = 'temp'
)
fn funky()